'euf_chain' depends on axioms: [propext, Classical.choice, Quot.sound]
'euf_arith_mix' depends on axioms: [propext, Classical.choice, Quot.sound]
'euf_inequality_chain' depends on axioms: [propext, Classical.choice, Quot.sound]
'quant_multi_inst' depends on axioms: [propext, Classical.choice, Quot.sound]
'quant_func' depends on axioms: [propext, Classical.choice, Quot.sound]
'quant_two_var' depends on axioms: [propext, Classical.choice, Quot.sound]
'many_conjuncts' depends on axioms: [propext, Classical.choice, Quot.sound]
'disj_arith' depends on axioms: [propext, Classical.choice, Quot.sound]
'impl_chain' depends on axioms: [propext, Classical.choice, Quot.sound]
'pred_on_struct' depends on axioms: [propext, Classical.choice, Quot.sound]
'enum_func_cases' depends on axioms: [propext, Classical.choice, Quot.sound]
'multi_step' depends on axioms: [propext, Classical.choice, Quot.sound]
'mono_chain' depends on axioms: [propext, Classical.choice, Quot.sound]
'measure_bounds' depends on axioms: [propext, Classical.choice, Quot.sound]
'func_deterministic' depends on axioms: [propext, Classical.choice, Quot.sound]
'bool_iff_arith' depends on axioms: [propext, Classical.choice, Quot.sound]
'multi_bool_guard' depends on axioms: [propext, Classical.choice, Quot.sound]
'axiom_system' depends on axioms: [propext, Classical.choice, Quot.sound]
'multi_axiom_func' depends on axioms: [propext, Classical.choice, Quot.sound]
'deep_impl' depends on axioms: [propext, Classical.choice, Quot.sound]
'conj_unpack' depends on axioms: [propext, Classical.choice, Quot.sound]
'color_quant_bounds' depends on axioms: [propext, Classical.choice, Quot.sound]
'struct_quant_mono' depends on axioms: [propext, Classical.choice, Quot.sound]
'combined_theories' depends on axioms: [propext, Classical.choice, Quot.sound]
