'color_exhaust' depends on axioms: [propext, Classical.choice, Quot.sound]
'color_function' depends on axioms: [propext, Classical.choice, Quot.sound]
'color_arith' depends on axioms: [propext, Classical.choice, Quot.sound]
'color_two_func' depends on axioms: [propext, Classical.choice, Quot.sound]
'point_compare' depends on axioms: [propext, Classical.choice, Quot.sound]
'point_eq_ext' depends on axioms: [propext, Classical.choice, Quot.sound]
'point_field_sum' depends on axioms: [propext, Classical.choice, Quot.sound]
'point_eta' depends on axioms: [propext, Classical.choice, Quot.sound]
'point_mk_proj' depends on axioms: [propext, Classical.choice, Quot.sound]
'point_ext_arith' depends on axioms: [propext, Classical.choice, Quot.sound]
'point_two_struct' depends on axioms: [propext, Classical.choice, Quot.sound]
'point_ne_from_field' depends on axioms: [propext, Classical.choice, Quot.sound]
'color_point' depends on axioms: [propext, Classical.choice, Quot.sound]
'pair_ext' depends on axioms: [propext, Classical.choice, Quot.sound]
'interval_overlap_symm' depends on axioms: [propext, Classical.choice, Quot.sound]
'interval_disjoint' depends on axioms: [propext, Classical.choice, Quot.sound]
