'z3_int_neg' depends on axioms: [propext, Classical.choice, Quot.sound]
'z3_int_add_comm' depends on axioms: [propext, Classical.choice, Quot.sound]
'z3_int_sub' depends on axioms: [propext, Classical.choice, Quot.sound]
'z3_int_sum_le' depends on axioms: [propext, Classical.choice, Quot.sound]
'z3_int_pos_sum' depends on axioms: [propext, Classical.choice, Quot.sound]
'z3_int_contra_bounds' depends on axioms: [propext, Classical.choice, Quot.sound]
'z3_int_eq_from_bounds' depends on axioms: [propext, Classical.choice, Quot.sound]
'z3_linarith1' depends on axioms: [propext, Classical.choice, Quot.sound]
'z3_linarith2' depends on axioms: [propext, Classical.choice, Quot.sound]
'z3_int_eq_fun' depends on axioms: [propext, Classical.choice, Quot.sound]
'z3_int_mixed' depends on axioms: [propext, Classical.choice, Quot.sound]
'z3_int_mod' depends on axioms: [propext, Classical.choice, Quot.sound]
'z3_int_div_mod' depends on axioms: [propext, Classical.choice, Quot.sound]
'z3_int_mod_nonneg' depends on axioms: [propext, Classical.choice, Quot.sound]
'z3_int_mod_bound' depends on axioms: [propext, Classical.choice, Quot.sound]
