'z3_verum' depends on axioms: [propext, Classical.choice, Quot.sound]
'z3_triv' depends on axioms: [propext, Classical.choice, Quot.sound]
'z3_addition' depends on axioms: [propext, Classical.choice, Quot.sound]
'z3_conjunction' depends on axioms: [propext, Classical.choice, Quot.sound]
'z3_simplification' depends on axioms: [propext, Classical.choice, Quot.sound]
'z3_modus_ponens' depends on axioms: [propext, Classical.choice, Quot.sound]
'z3_modus_tollens' depends on axioms: [propext, Classical.choice, Quot.sound]
'z3_hypothetical_syllogism' depends on axioms: [propext, Classical.choice, Quot.sound]
'z3_disjunctive_syllogism' depends on axioms: [propext, Classical.choice, Quot.sound]
'z3_resolution' depends on axioms: [propext, Classical.choice, Quot.sound]
'z3_falsum' depends on axioms: [propext]
'z3_prop_ext' depends on axioms: [propext, Classical.choice, Quot.sound]
'z3_and_assoc' depends on axioms: [propext, Classical.choice, Quot.sound]
'z3_or_comm' depends on axioms: [propext, Classical.choice, Quot.sound]
'z3_iff' depends on axioms: [propext, Classical.choice, Quot.sound]
'z3_cong' depends on axioms: [propext, Classical.choice, Quot.sound]
