'z3_prop' depends on axioms: [propext, Classical.choice, Quot.sound]
'z3_resolution' depends on axioms: [propext, Classical.choice, Quot.sound]
'z3_disj_syll' depends on axioms: [propext, Classical.choice, Quot.sound]
'z3_disj' depends on axioms: [propext, Classical.choice, Quot.sound]
'z3_int_neg' depends on axioms: [propext, Classical.choice, Quot.sound]
'z3_int_arith' depends on axioms: [propext, Classical.choice, Quot.sound]
'z3_lia_false' depends on axioms: [propext, Classical.choice, Quot.sound]
'z3_lia_eq' depends on axioms: [propext, Classical.choice, Quot.sound]
'z3_euf_cong' depends on axioms: [propext, Classical.choice, Quot.sound]
'z3_nat_triv' depends on axioms: [propext, Classical.choice, Quot.sound]
'z3_nat_cong' depends on axioms: [propext, Classical.choice, Quot.sound]
