Test/Reconstruction/Arith/ArithMulSign.lean:6:2: error: AppBuilder for `mkAppM`, result contains metavariables
  powPos _uniq.588
Test/Reconstruction/Arith/ArithMulSign.lean:12:2: error: AppBuilder for `mkAppM`, result contains metavariables
  powPos _uniq.2194
Test/Reconstruction/Arith/ArithMulSign.lean:21:2: error: AppBuilder for `mkAppM`, result contains metavariables
  powPos _uniq.4948
Test/Reconstruction/Arith/ArithMulSign.lean:24:2: error: Application type mismatch: The argument
  Pow.pow b 3
has type
  ℝ
but is expected to have type
  LinearOrder ?α
in the application
  @combineSigns₄ ?α ?inst✝ (Pow.pow b 3)
Test/Reconstruction/Arith/ArithMulSign.lean:33:2: error: AppBuilder for `mkAppM`, result contains metavariables
  powPos _uniq.9612
